#
# There is insufficient memory for the Java Runtime Environment to continue.
# Native memory allocation (malloc) failed to allocate 32744 bytes. Error detail: Chunk::new
# Possible reasons:
#   The system is out of physical RAM or swap space
#   This process is running with CompressedOops enabled, and the Java Heap may be blocking the growth of the native heap
# Possible solutions:
#   Reduce memory load on the system
#   Increase physical memory or swap space
#   Check if swap backing store is full
#   Decrease Java heap size (-Xmx/-Xms)
#   Decrease number of Java threads
#   Decrease Java thread stack sizes (-Xss)
#   Set larger code cache with -XX:ReservedCodeCacheSize=
#   JVM is running with Unscaled Compressed Oops mode in which the Java heap is
#     placed in the first 4GB address space. The Java Heap base address is the
#     maximum limit for the native heap growth. Please use -XX:HeapBaseMinAddress
#     to set the Java Heap base and to place the Java Heap above 4GB virtual address.
# This output file may be truncated or incomplete.
#
#  Out of Memory Error (arena.cpp:168), pid=25560, tid=25856
#
# JRE version: OpenJDK Runtime Environment Temurin-21.0.6+7 (21.0.6+7) (build 21.0.6+7-LTS)
# Java VM: OpenJDK 64-Bit Server VM Temurin-21.0.6+7 (21.0.6+7-LTS, mixed mode, sharing, tiered, compressed oops, compressed class ptrs, parallel gc, windows-amd64)
# No core dump will be written. Minidumps are not enabled by default on client versions of Windows
#

---------------  S U M M A R Y ------------

Command Line: --add-modules=ALL-SYSTEM --add-opens=java.base/java.util=ALL-UNNAMED --add-opens=java.base/java.lang=ALL-UNNAMED --add-opens=java.base/sun.nio.fs=ALL-UNNAMED -Declipse.application=org.eclipse.jdt.ls.core.id1 -Dosgi.bundles.defaultStartLevel=4 -Declipse.product=org.eclipse.jdt.ls.core.product -Djava.import.generatesMetadataFilesAtProjectRoot=false -DDetectVMInstallationsJob.disabled=true -Dfile.encoding=utf8 -XX:+UseParallelGC -XX:GCTimeRatio=4 -XX:AdaptiveSizePolicyWeight=90 -Dsun.zip.disableMemoryMapping=true -Xmx1G -Xms100m -Xlog:disable -javaagent:c:\Users\Prince Jain\.vscode\extensions\redhat.java-1.40.0-win32-x64\lombok\lombok-1.18.36.jar -XX:+HeapDumpOnOutOfMemoryError -XX:HeapDumpPath=c:\Users\Prince Jain\AppData\Roaming\Code\User\workspaceStorage\93bd60ff33c47b001411ec603751e469\redhat.java -Daether.dependencyCollector.impl=bf c:\Users\Prince Jain\.vscode\extensions\redhat.java-1.40.0-win32-x64\server\plugins\org.eclipse.equinox.launcher_1.6.1000.v20250131-0606.jar -configuration c:\Users\Prince Jain\AppData\Roaming\Code\User\globalStorage\redhat.java\1.40.0\config_win -data c:\Users\Prince Jain\AppData\Roaming\Code\User\workspaceStorage\93bd60ff33c47b001411ec603751e469\redhat.java\jdt_ws --pipe=\\.\pipe\lsp-49e79c6151e2a1b40c3993c34f2d7429-sock

Host: 12th Gen Intel(R) Core(TM) i5-1235U, 12 cores, 7G,  Windows 11 , 64 bit Build 22621 (10.0.22621.4830)
Time: Wed Mar 12 15:27:57 2025 India Standard Time elapsed time: 0.492364 seconds (0d 0h 0m 0s)

---------------  T H R E A D  ---------------

Current thread (0x0000022194328200):  JavaThread "C2 CompilerThread0" daemon [_thread_in_native, id=25856, stack(0x0000005c48900000,0x0000005c48a00000) (1024K)]


Current CompileTask:
C2:492  368       4       java.util.concurrent.ConcurrentHashMap::casTabAt (21 bytes)

Stack: [0x0000005c48900000,0x0000005c48a00000]
Native frames: (J=compiled Java code, j=interpreted, Vv=VM code, C=native code)
V  [jvm.dll+0x6cdee9]
V  [jvm.dll+0x8a83d1]
V  [jvm.dll+0x8aa8fe]
V  [jvm.dll+0x8aafe3]
V  [jvm.dll+0x27f706]
V  [jvm.dll+0xc500d]
V  [jvm.dll+0xc5543]
V  [jvm.dll+0x2485f8]
V  [jvm.dll+0x246665]
V  [jvm.dll+0x1c75ee]
V  [jvm.dll+0x25685a]
V  [jvm.dll+0x254dfa]
V  [jvm.dll+0x3f0256]
V  [jvm.dll+0x851f8b]
V  [jvm.dll+0x6cc5ed]
C  [ucrtbase.dll+0x29333]
C  [KERNEL32.DLL+0x1259d]
C  [ntdll.dll+0x5af38]


---------------  P R O C E S S  ---------------

Threads class SMR info:
_java_thread_list=0x00000221d68747b0, length=10, elements={
0x00000221fd7b4e30, 0x00000221ffc2def0, 0x000002219431e190, 0x0000022194323780,
0x0000022194324920, 0x00000221943268e0, 0x0000022194327330, 0x0000022194328200,
0x000002219432e710, 0x00000221d6869d80
}

Java Threads: ( => current thread )
  0x00000221fd7b4e30 JavaThread "main"                              [_thread_in_vm, id=5988, stack(0x0000005c47f00000,0x0000005c48000000) (1024K)]
  0x00000221ffc2def0 JavaThread "Reference Handler"          daemon [_thread_blocked, id=14844, stack(0x0000005c48300000,0x0000005c48400000) (1024K)]
  0x000002219431e190 JavaThread "Finalizer"                  daemon [_thread_blocked, id=15580, stack(0x0000005c48400000,0x0000005c48500000) (1024K)]
  0x0000022194323780 JavaThread "Signal Dispatcher"          daemon [_thread_blocked, id=11696, stack(0x0000005c48500000,0x0000005c48600000) (1024K)]
  0x0000022194324920 JavaThread "Attach Listener"            daemon [_thread_blocked, id=14332, stack(0x0000005c48600000,0x0000005c48700000) (1024K)]
  0x00000221943268e0 JavaThread "Service Thread"             daemon [_thread_blocked, id=10304, stack(0x0000005c48700000,0x0000005c48800000) (1024K)]
  0x0000022194327330 JavaThread "Monitor Deflation Thread"   daemon [_thread_blocked, id=14492, stack(0x0000005c48800000,0x0000005c48900000) (1024K)]
=>0x0000022194328200 JavaThread "C2 CompilerThread0"         daemon [_thread_in_native, id=25856, stack(0x0000005c48900000,0x0000005c48a00000) (1024K)]
  0x000002219432e710 JavaThread "C1 CompilerThread0"         daemon [_thread_blocked, id=15012, stack(0x0000005c48a00000,0x0000005c48b00000) (1024K)]
  0x00000221d6869d80 JavaThread "Common-Cleaner"             daemon [_thread_blocked, id=20500, stack(0x0000005c48b00000,0x0000005c48c00000) (1024K)]
Total: 10

Other Threads:
  0x0000022194314b40 VMThread "VM Thread"                           [id=22792, stack(0x0000005c48200000,0x0000005c48300000) (1024K)]
  0x000002219420ca00 WatcherThread "VM Periodic Task Thread"        [id=24480, stack(0x0000005c48100000,0x0000005c48200000) (1024K)]
  0x00000221ffb9f720 WorkerThread "GC Thread#0"                     [id=21276, stack(0x0000005c48000000,0x0000005c48100000) (1024K)]
Total: 3

Threads with active compile tasks:
C2 CompilerThread0  521  368       4       java.util.concurrent.ConcurrentHashMap::casTabAt (21 bytes)
Total: 1

VM state: not at safepoint (normal execution)

VM Mutex/Monitor currently owned by a thread: None

Heap address: 0x00000000c0000000, size: 1024 MB, Compressed Oops mode: 32-bit

CDS archive(s) mapped at: [0x0000022195000000-0x0000022195ba0000-0x0000022195ba0000), size 12189696, SharedBaseAddress: 0x0000022195000000, ArchiveRelocationMode: 1.
Compressed class space mapped at: 0x0000022196000000-0x00000221d6000000, reserved size: 1073741824
Narrow klass base: 0x0000022195000000, Narrow klass shift: 0, Narrow klass range: 0x100000000

GC Precious Log:
 CardTable entry size: 512
 CPUs: 12 total, 12 available
 Memory: 7863M
 Large Page Support: Disabled
 NUMA Support: Disabled
 Compressed Oops: Enabled (32-bit)
 Alignments: Space 512K, Generation 512K, Heap 2M
 Heap Min Capacity: 100M
 Heap Initial Capacity: 100M
 Heap Max Capacity: 1G
 Pre-touch: Disabled
 Parallel Workers: 10

Heap:
 PSYoungGen      total 29696K, used 4681K [0x00000000eab00000, 0x00000000ecc00000, 0x0000000100000000)
  eden space 25600K, 18% used [0x00000000eab00000,0x00000000eaf92780,0x00000000ec400000)
  from space 4096K, 0% used [0x00000000ec800000,0x00000000ec800000,0x00000000ecc00000)
  to   space 4096K, 0% used [0x00000000ec400000,0x00000000ec400000,0x00000000ec800000)
 ParOldGen       total 68608K, used 0K [0x00000000c0000000, 0x00000000c4300000, 0x00000000eab00000)
  object space 68608K, 0% used [0x00000000c0000000,0x00000000c0000000,0x00000000c4300000)
 Metaspace       used 722K, committed 896K, reserved 1114112K
  class space    used 54K, committed 128K, reserved 1048576K

Card table byte_map: [0x00000221ff540000,0x00000221ff750000] _byte_map_base: 0x00000221fef40000

Marking Bits: (ParMarkBitMap*) 0x00007fff9d983260
 Begin Bits: [0x0000022192130000, 0x0000022193130000)
 End Bits:   [0x0000022193130000, 0x0000022194130000)

Polling page: 0x00000221ff330000

Metaspace:

Usage:
  Non-class:    668.19 KB used.
      Class:     54.69 KB used.
       Both:    722.88 KB used.

Virtual space:
  Non-class space:       64.00 MB reserved,     768.00 KB (  1%) committed,  1 nodes.
      Class space:        1.00 GB reserved,     128.00 KB ( <1%) committed,  1 nodes.
             Both:        1.06 GB reserved,     896.00 KB ( <1%) committed. 

Chunk freelists:
   Non-Class:  11.90 MB
       Class:  15.73 MB
        Both:  27.63 MB

MaxMetaspaceSize: unlimited
CompressedClassSpaceSize: 1.00 GB
Initial GC threshold: 21.00 MB
Current GC threshold: 21.00 MB
CDS: on
 - commit_granule_bytes: 65536.
 - commit_granule_words: 8192.
 - virtual_space_node_default_size: 8388608.
 - enlarge_chunks_in_place: 1.
 - use_allocation_guard: 0.


Internal statistics:

num_allocs_failed_limit: 0.
num_arena_births: 36.
num_arena_deaths: 0.
num_vsnodes_births: 2.
num_vsnodes_deaths: 0.
num_space_committed: 14.
num_space_uncommitted: 0.
num_chunks_returned_to_freelist: 0.
num_chunks_taken_from_freelist: 41.
num_chunk_merges: 0.
num_chunk_splits: 29.
num_chunks_enlarged: 17.
num_inconsistent_stats: 0.

CodeHeap 'non-profiled nmethods': size=120000Kb used=113Kb max_used=113Kb free=119886Kb
 bounds [0x000002218ac00000, 0x000002218ae70000, 0x0000022192130000]
CodeHeap 'profiled nmethods': size=120000Kb used=503Kb max_used=503Kb free=119496Kb
 bounds [0x0000022183130000, 0x00000221833a0000, 0x000002218a660000]
CodeHeap 'non-nmethods': size=5760Kb used=1146Kb max_used=1160Kb free=4613Kb
 bounds [0x000002218a660000, 0x000002218a8d0000, 0x000002218ac00000]
 total_blobs=764 nmethods=370 adapters=301
 compilation: enabled
              stopped_count=0, restarted_count=0
 full_count=0

Compilation events (20 events):
Event: 0.475 Thread 0x000002219432e710 nmethod 346 0x000002218319ae90 code [0x000002218319b040, 0x000002218319b188]
Event: 0.475 Thread 0x000002219432e710  347       3       java.lang.String::<init> (99 bytes)
Event: 0.475 Thread 0x0000022194328200 nmethod 343 0x000002218ac19e90 code [0x000002218ac1a020, 0x000002218ac1a0d0]
Event: 0.476 Thread 0x0000022194328200  348       4       java.util.concurrent.ConcurrentHashMap::tabAt (22 bytes)
Event: 0.477 Thread 0x0000022194328200 nmethod 348 0x000002218ac1a490 code [0x000002218ac1a600, 0x000002218ac1a670]
Event: 0.477 Thread 0x000002219432e710 nmethod 347 0x000002218319b210 code [0x000002218319b5e0, 0x000002218319cf80]
Event: 0.477 Thread 0x000002219432e710  349       3       jdk.internal.jimage.ImageStringsReader::stringFromByteBufferMatches (138 bytes)
Event: 0.479 Thread 0x000002219432e710 nmethod 349 0x000002218319d890 code [0x000002218319db80, 0x000002218319ec58]
Event: 0.480 Thread 0x000002219432e710  352       3       java.lang.invoke.MethodType::checkPtypes (76 bytes)
Event: 0.481 Thread 0x000002219432e710 nmethod 352 0x000002218319f390 code [0x000002218319f620, 0x00000221831a00b0]
Event: 0.481 Thread 0x000002219432e710  350       3       sun.invoke.util.VerifyAccess::isTypeVisible (118 bytes)
Event: 0.483 Thread 0x000002219432e710 nmethod 350 0x00000221831a0510 code [0x00000221831a0820, 0x00000221831a1778]
Event: 0.483 Thread 0x000002219432e710  358       3       java.lang.AbstractStringBuilder::<init> (39 bytes)
Event: 0.483 Thread 0x000002219432e710 nmethod 358 0x00000221831a1c90 code [0x00000221831a1e40, 0x00000221831a2088]
Event: 0.483 Thread 0x000002219432e710  353       1       sun.invoke.util.Wrapper::basicTypeChar (5 bytes)
Event: 0.483 Thread 0x000002219432e710 nmethod 353 0x000002218ac1b090 code [0x000002218ac1b220, 0x000002218ac1b2f0]
Event: 0.483 Thread 0x000002219432e710  357       3       java.lang.invoke.MethodType::equals (25 bytes)
Event: 0.484 Thread 0x000002219432e710 nmethod 357 0x00000221831a2190 code [0x00000221831a2380, 0x00000221831a2850]
Event: 0.484 Thread 0x000002219432e710  359       3       jdk.internal.org.objectweb.asm.Frame::execute (2305 bytes)
Event: 0.489 Thread 0x0000022194328200  368       4       java.util.concurrent.ConcurrentHashMap::casTabAt (21 bytes)

GC Heap History (0 events):
No events

Dll operation events (7 events):
Event: 0.029 Loaded shared library c:\Users\Prince Jain\.vscode\extensions\redhat.java-1.40.0-win32-x64\jre\21.0.6-win32-x86_64\bin\java.dll
Event: 0.247 Loaded shared library c:\Users\Prince Jain\.vscode\extensions\redhat.java-1.40.0-win32-x64\jre\21.0.6-win32-x86_64\bin\zip.dll
Event: 0.311 Loaded shared library C:\Users\Prince Jain\.vscode\extensions\redhat.java-1.40.0-win32-x64\jre\21.0.6-win32-x86_64\bin\instrument.dll
Event: 0.341 Loaded shared library C:\Users\Prince Jain\.vscode\extensions\redhat.java-1.40.0-win32-x64\jre\21.0.6-win32-x86_64\bin\net.dll
Event: 0.348 Loaded shared library C:\Users\Prince Jain\.vscode\extensions\redhat.java-1.40.0-win32-x64\jre\21.0.6-win32-x86_64\bin\nio.dll
Event: 0.358 Loaded shared library C:\Users\Prince Jain\.vscode\extensions\redhat.java-1.40.0-win32-x64\jre\21.0.6-win32-x86_64\bin\zip.dll
Event: 0.399 Loaded shared library C:\Users\Prince Jain\.vscode\extensions\redhat.java-1.40.0-win32-x64\jre\21.0.6-win32-x86_64\bin\jimage.dll

Deoptimization events (8 events):
Event: 0.414 Thread 0x00000221fd7b4e30 DEOPT PACKING pc=0x0000022183169d49 sp=0x0000005c47ffe540
Event: 0.415 Thread 0x00000221fd7b4e30 DEOPT UNPACKING pc=0x000002218a6b4242 sp=0x0000005c47ffd9c8 mode 0
Event: 0.416 Thread 0x00000221fd7b4e30 DEOPT PACKING pc=0x0000022183169d49 sp=0x0000005c47ffe540
Event: 0.416 Thread 0x00000221fd7b4e30 DEOPT UNPACKING pc=0x000002218a6b4242 sp=0x0000005c47ffd9c8 mode 0
Event: 0.418 Thread 0x00000221fd7b4e30 DEOPT PACKING pc=0x0000022183169d49 sp=0x0000005c47ffe540
Event: 0.418 Thread 0x00000221fd7b4e30 DEOPT UNPACKING pc=0x000002218a6b4242 sp=0x0000005c47ffd9c8 mode 0
Event: 0.419 Thread 0x00000221fd7b4e30 DEOPT PACKING pc=0x0000022183169d49 sp=0x0000005c47ffe540
Event: 0.419 Thread 0x00000221fd7b4e30 DEOPT UNPACKING pc=0x000002218a6b4242 sp=0x0000005c47ffd9c8 mode 0

Classes loaded (20 events):
Event: 0.428 Loading class sun/net/www/MessageHeader
Event: 0.429 Loading class sun/net/www/MessageHeader done
Event: 0.429 Loading class sun/net/www/protocol/jar/URLJarFile
Event: 0.429 Loading class sun/net/www/protocol/jar/URLJarFile done
Event: 0.431 Loading class sun/net/www/protocol/jar/URLJarFile$URLJarFileEntry
Event: 0.431 Loading class sun/net/www/protocol/jar/URLJarFile$URLJarFileEntry done
Event: 0.432 Loading class sun/net/www/protocol/jar/JarURLConnection$JarURLInputStream
Event: 0.432 Loading class sun/net/www/protocol/jar/JarURLConnection$JarURLInputStream done
Event: 0.434 Loading class java/lang/AssertionError
Event: 0.434 Loading class java/lang/AssertionError done
Event: 0.441 Loading class sun/net/www/protocol/jrt/Handler
Event: 0.441 Loading class sun/net/www/protocol/jrt/Handler done
Event: 0.472 Loading class jdk/internal/foreign/MemorySessionImpl
Event: 0.472 Loading class java/lang/foreign/MemorySegment$Scope
Event: 0.472 Loading class java/lang/foreign/MemorySegment$Scope done
Event: 0.472 Loading class jdk/internal/foreign/MemorySessionImpl done
Event: 0.479 Loading class sun/invoke/util/ValueConversions$1
Event: 0.479 Loading class sun/invoke/util/ValueConversions$1 done
Event: 0.481 Loading class java/lang/invoke/BoundMethodHandle$Species_LI
Event: 0.481 Loading class java/lang/invoke/BoundMethodHandle$Species_LI done

Classes unloaded (0 events):
No events

Classes redefined (0 events):
No events

Internal exceptions (4 events):
Event: 0.228 Thread 0x00000221fd7b4e30 Exception <a 'java/lang/NoSuchMethodError'{0x00000000ead2a2e8}: 'void java.lang.invoke.DirectMethodHandle$Holder.invokeStatic(java.lang.Object, java.lang.Object, java.lang.Object)'> (0x00000000ead2a2e8) 
thrown [s\src\hotspot\share\interpreter\linkResolver.cpp, line 773]
Event: 0.385 Thread 0x00000221fd7b4e30 Exception <a 'java/lang/NoSuchMethodError'{0x00000000eae93f40}: 'java.lang.Object java.lang.invoke.Invokers$Holder.invokeExact_MT(java.lang.Object, java.lang.Object, java.lang.Object, java.lang.Object, java.lang.Object)'> (0x00000000eae93f40) 
thrown [s\src\hotspot\share\interpreter\linkResolver.cpp, line 773]
Event: 0.480 Thread 0x00000221fd7b4e30 Exception <a 'java/lang/NoSuchMethodError'{0x00000000eaf51520}: 'int java.lang.invoke.DirectMethodHandle$Holder.invokeSpecial(java.lang.Object, java.lang.Object, java.lang.Object, int)'> (0x00000000eaf51520) 
thrown [s\src\hotspot\share\interpreter\linkResolver.cpp, line 773]
Event: 0.486 Thread 0x00000221fd7b4e30 Exception <a 'java/lang/NoSuchMethodError'{0x00000000eaf63f08}: 'java.lang.Object java.lang.invoke.DirectMethodHandle$Holder.invokeStatic(java.lang.Object, java.lang.Object, java.lang.Object, java.lang.Object, int)'> (0x00000000eaf63f08) 
thrown [s\src\hotspot\share\interpreter\linkResolver.cpp, line 773]

ZGC Phase Switch (0 events):
No events

VM Operations (4 events):
Event: 0.244 Executing VM operation: HandshakeAllThreads (Deoptimize)
Event: 0.244 Executing VM operation: HandshakeAllThreads (Deoptimize) done
Event: 0.430 Executing VM operation: HandshakeAllThreads (Deoptimize)
Event: 0.430 Executing VM operation: HandshakeAllThreads (Deoptimize) done

Memory protections (0 events):
No events

Nmethod flushes (0 events):
No events

Events (10 events):
Event: 0.081 Thread 0x00000221fd7b4e30 Thread added: 0x00000221fd7b4e30
Event: 0.128 Thread 0x00000221fd7b4e30 Thread added: 0x00000221ffc2def0
Event: 0.129 Thread 0x00000221fd7b4e30 Thread added: 0x000002219431e190
Event: 0.129 Thread 0x00000221fd7b4e30 Thread added: 0x0000022194323780
Event: 0.130 Thread 0x00000221fd7b4e30 Thread added: 0x0000022194324920
Event: 0.130 Thread 0x00000221fd7b4e30 Thread added: 0x00000221943268e0
Event: 0.130 Thread 0x00000221fd7b4e30 Thread added: 0x0000022194327330
Event: 0.130 Thread 0x00000221fd7b4e30 Thread added: 0x0000022194328200
Event: 0.131 Thread 0x00000221fd7b4e30 Thread added: 0x000002219432e710
Event: 0.196 Thread 0x00000221fd7b4e30 Thread added: 0x00000221d6869d80


Dynamic libraries:
0x00007ff61e3d0000 - 0x00007ff61e3de000 	c:\Users\Prince Jain\.vscode\extensions\redhat.java-1.40.0-win32-x64\jre\21.0.6-win32-x86_64\bin\java.exe
0x00007ff8796b0000 - 0x00007ff8798c7000 	C:\windows\SYSTEM32\ntdll.dll
0x00007ff8785b0000 - 0x00007ff878674000 	C:\windows\System32\KERNEL32.DLL
0x00007ff876bf0000 - 0x00007ff876fc0000 	C:\windows\System32\KERNELBASE.dll
0x00007ff86f620000 - 0x00007ff86f6b7000 	C:\windows\SYSTEM32\apphelp.dll
0x00007ff876a20000 - 0x00007ff876b31000 	C:\windows\System32\ucrtbase.dll
0x00007ff8215b0000 - 0x00007ff8215c8000 	c:\Users\Prince Jain\.vscode\extensions\redhat.java-1.40.0-win32-x64\jre\21.0.6-win32-x86_64\bin\jli.dll
0x00007ff878f40000 - 0x00007ff8790ee000 	C:\windows\System32\USER32.dll
0x00007ff876b40000 - 0x00007ff876b66000 	C:\windows\System32\win32u.dll
0x00007ff8781f0000 - 0x00007ff878219000 	C:\windows\System32\GDI32.dll
0x00007ff877250000 - 0x00007ff87736b000 	C:\windows\System32\gdi32full.dll
0x00007ff8061d0000 - 0x00007ff8061ee000 	c:\Users\Prince Jain\.vscode\extensions\redhat.java-1.40.0-win32-x64\jre\21.0.6-win32-x86_64\bin\VCRUNTIME140.dll
0x00007ff877040000 - 0x00007ff8770da000 	C:\windows\System32\msvcp_win.dll
0x00007ff84cee0000 - 0x00007ff84d172000 	C:\windows\WinSxS\amd64_microsoft.windows.common-controls_6595b64144ccf1df_6.0.22621.4830_none_270fe7d773858e80\COMCTL32.dll
0x00007ff8778a0000 - 0x00007ff877947000 	C:\windows\System32\msvcrt.dll
0x00007ff878220000 - 0x00007ff878251000 	C:\windows\System32\IMM32.DLL
0x00007ff86f870000 - 0x00007ff86f87c000 	c:\Users\Prince Jain\.vscode\extensions\redhat.java-1.40.0-win32-x64\jre\21.0.6-win32-x86_64\bin\vcruntime140_1.dll
0x00007ffff10e0000 - 0x00007ffff116d000 	c:\Users\Prince Jain\.vscode\extensions\redhat.java-1.40.0-win32-x64\jre\21.0.6-win32-x86_64\bin\msvcp140.dll
0x00007fff9ccd0000 - 0x00007fff9da60000 	c:\Users\Prince Jain\.vscode\extensions\redhat.java-1.40.0-win32-x64\jre\21.0.6-win32-x86_64\bin\server\jvm.dll
0x00007ff878e80000 - 0x00007ff878f31000 	C:\windows\System32\ADVAPI32.dll
0x00007ff879150000 - 0x00007ff8791f7000 	C:\windows\System32\sechost.dll
0x00007ff877370000 - 0x00007ff877398000 	C:\windows\System32\bcrypt.dll
0x00007ff878d60000 - 0x00007ff878e74000 	C:\windows\System32\RPCRT4.dll
0x00007ff8773a0000 - 0x00007ff877411000 	C:\windows\System32\WS2_32.dll
0x00007ff876830000 - 0x00007ff87687d000 	C:\windows\SYSTEM32\POWRPROF.dll
0x00007ff86a820000 - 0x00007ff86a82a000 	C:\windows\SYSTEM32\VERSION.dll
0x00007ff86c9e0000 - 0x00007ff86ca14000 	C:\windows\SYSTEM32\WINMM.dll
0x00007ff876810000 - 0x00007ff876823000 	C:\windows\SYSTEM32\UMPDC.dll
0x00007ff875970000 - 0x00007ff875988000 	C:\windows\SYSTEM32\kernel.appcore.dll
0x00007ff83d3f0000 - 0x00007ff83d3fa000 	c:\Users\Prince Jain\.vscode\extensions\redhat.java-1.40.0-win32-x64\jre\21.0.6-win32-x86_64\bin\jimage.dll
0x00007ff874270000 - 0x00007ff8744a2000 	C:\windows\SYSTEM32\DBGHELP.DLL
0x00007ff879200000 - 0x00007ff879590000 	C:\windows\System32\combase.dll
0x00007ff879590000 - 0x00007ff879667000 	C:\windows\System32\OLEAUT32.dll
0x00007ff857ba0000 - 0x00007ff857bd2000 	C:\windows\SYSTEM32\dbgcore.DLL
0x00007ff876fc0000 - 0x00007ff87703b000 	C:\windows\System32\bcryptPrimitives.dll
0x00007ff839510000 - 0x00007ff83951f000 	c:\Users\Prince Jain\.vscode\extensions\redhat.java-1.40.0-win32-x64\jre\21.0.6-win32-x86_64\bin\instrument.dll
0x00007ff8061b0000 - 0x00007ff8061cf000 	c:\Users\Prince Jain\.vscode\extensions\redhat.java-1.40.0-win32-x64\jre\21.0.6-win32-x86_64\bin\java.dll
0x00007ff877950000 - 0x00007ff8781c8000 	C:\windows\System32\SHELL32.dll
0x00007ff874860000 - 0x00007ff875170000 	C:\windows\SYSTEM32\windows.storage.dll
0x00007ff874720000 - 0x00007ff87485f000 	C:\windows\SYSTEM32\wintypes.dll
0x00007ff878b00000 - 0x00007ff878c0a000 	C:\windows\System32\SHCORE.dll
0x00007ff878aa0000 - 0x00007ff878afe000 	C:\windows\System32\shlwapi.dll
0x00007ff876890000 - 0x00007ff8768bb000 	C:\windows\SYSTEM32\profapi.dll
0x00007ffff10c0000 - 0x00007ffff10d8000 	c:\Users\Prince Jain\.vscode\extensions\redhat.java-1.40.0-win32-x64\jre\21.0.6-win32-x86_64\bin\zip.dll
0x00007ff83d120000 - 0x00007ff83d130000 	C:\Users\Prince Jain\.vscode\extensions\redhat.java-1.40.0-win32-x64\jre\21.0.6-win32-x86_64\bin\net.dll
0x00007ff86fbf0000 - 0x00007ff86fd1c000 	C:\windows\SYSTEM32\WINHTTP.dll
0x00007ff875e20000 - 0x00007ff875e8a000 	C:\windows\system32\mswsock.dll
0x00007ffff10a0000 - 0x00007ffff10b6000 	C:\Users\Prince Jain\.vscode\extensions\redhat.java-1.40.0-win32-x64\jre\21.0.6-win32-x86_64\bin\nio.dll

dbghelp: loaded successfully - version: 4.0.5 - missing functions: none
symbol engine: initialized successfully - sym options: 0x614 - pdb path: .;c:\Users\Prince Jain\.vscode\extensions\redhat.java-1.40.0-win32-x64\jre\21.0.6-win32-x86_64\bin;C:\windows\SYSTEM32;C:\windows\WinSxS\amd64_microsoft.windows.common-controls_6595b64144ccf1df_6.0.22621.4830_none_270fe7d773858e80;c:\Users\Prince Jain\.vscode\extensions\redhat.java-1.40.0-win32-x64\jre\21.0.6-win32-x86_64\bin\server

VM Arguments:
jvm_args: --add-modules=ALL-SYSTEM --add-opens=java.base/java.util=ALL-UNNAMED --add-opens=java.base/java.lang=ALL-UNNAMED --add-opens=java.base/sun.nio.fs=ALL-UNNAMED -Declipse.application=org.eclipse.jdt.ls.core.id1 -Dosgi.bundles.defaultStartLevel=4 -Declipse.product=org.eclipse.jdt.ls.core.product -Djava.import.generatesMetadataFilesAtProjectRoot=false -DDetectVMInstallationsJob.disabled=true -Dfile.encoding=utf8 -XX:+UseParallelGC -XX:GCTimeRatio=4 -XX:AdaptiveSizePolicyWeight=90 -Dsun.zip.disableMemoryMapping=true -Xmx1G -Xms100m -Xlog:disable -javaagent:c:\Users\Prince Jain\.vscode\extensions\redhat.java-1.40.0-win32-x64\lombok\lombok-1.18.36.jar -XX:+HeapDumpOnOutOfMemoryError -XX:HeapDumpPath=c:\Users\Prince Jain\AppData\Roaming\Code\User\workspaceStorage\93bd60ff33c47b001411ec603751e469\redhat.java -Daether.dependencyCollector.impl=bf 
java_command: c:\Users\Prince Jain\.vscode\extensions\redhat.java-1.40.0-win32-x64\server\plugins\org.eclipse.equinox.launcher_1.6.1000.v20250131-0606.jar -configuration c:\Users\Prince Jain\AppData\Roaming\Code\User\globalStorage\redhat.java\1.40.0\config_win -data c:\Users\Prince Jain\AppData\Roaming\Code\User\workspaceStorage\93bd60ff33c47b001411ec603751e469\redhat.java\jdt_ws --pipe=\\.\pipe\lsp-49e79c6151e2a1b40c3993c34f2d7429-sock
java_class_path (initial): c:\Users\Prince Jain\.vscode\extensions\redhat.java-1.40.0-win32-x64\server\plugins\org.eclipse.equinox.launcher_1.6.1000.v20250131-0606.jar
Launcher Type: SUN_STANDARD

[Global flags]
    uintx AdaptiveSizePolicyWeight                 = 90                                        {product} {command line}
     intx CICompilerCount                          = 4                                         {product} {ergonomic}
    uintx GCTimeRatio                              = 4                                         {product} {command line}
     bool HeapDumpOnOutOfMemoryError               = true                                   {manageable} {command line}
    ccstr HeapDumpPath                             = c:\Users\Prince Jain\AppData\Roaming\Code\User\workspaceStorage\93bd60ff33c47b001411ec603751e469\redhat.java         {manageable} {command line}
   size_t InitialHeapSize                          = 104857600                                 {product} {command line}
   size_t MaxHeapSize                              = 1073741824                                {product} {command line}
   size_t MaxNewSize                               = 357564416                                 {product} {ergonomic}
   size_t MinHeapDeltaBytes                        = 524288                                    {product} {ergonomic}
   size_t MinHeapSize                              = 104857600                                 {product} {command line}
   size_t NewSize                                  = 34603008                                  {product} {ergonomic}
    uintx NonNMethodCodeHeapSize                   = 5839372                                {pd product} {ergonomic}
    uintx NonProfiledCodeHeapSize                  = 122909434                              {pd product} {ergonomic}
   size_t OldSize                                  = 70254592                                  {product} {ergonomic}
    uintx ProfiledCodeHeapSize                     = 122909434                              {pd product} {ergonomic}
    uintx ReservedCodeCacheSize                    = 251658240                              {pd product} {ergonomic}
     bool SegmentedCodeCache                       = true                                      {product} {ergonomic}
   size_t SoftMaxHeapSize                          = 1073741824                             {manageable} {ergonomic}
     bool UseCompressedOops                        = true                           {product lp64_product} {ergonomic}
     bool UseLargePagesIndividualAllocation        = false                                  {pd product} {ergonomic}
     bool UseParallelGC                            = true                                      {product} {command line}

Logging:
Log output configuration:
 #0: stdout all=off uptime,level,tags foldmultilines=false
 #1: stderr all=off uptime,level,tags foldmultilines=false

Environment Variables:
JAVA_HOME=C:\Program Files\Java\jdk-19
PATH=C:\Program Files\Common Files\Oracle\Java\javapath;C:\windows\system32;C:\windows;C:\windows\System32\Wbem;C:\windows\System32\WindowsPowerShell\v1.0\;C:\windows\System32\OpenSSH\;C:\Program Files\dotnet\;C:\Program Files\Java\jdk-19\bin;C:\Program Files\Common Files\Oracle\Java\javapath;C:\Program Files\Git\cmd;C:\Program Files\Git\mingw64\bin;C:\Program Files\Git\usr\bin;C:\Users\Prince Jain\AppData\Roaming\nvm;C:\Program Files\nodejs;C:\Users\Prince Jain\Downloads\GitHubDesktopSetup-x64 (1).exe;C:\Users\Prince Jain\dev\flutter\bin;C:\Users\Prince Jain\AppData\Local\Microsoft\WindowsApps;C:\Users\Prince Jain\AppData\Local\Programs\Microsoft VS Code\bin;C:\MinGW\bin;C:\Program Files\Java\jdk-19\bin;C:\Users\Prince Jain\AppData\Local\GitHubDesktop\bin;C:\Program Files\sf\bin;C:\Users\Prince Jain\AppData\Roaming\npm;C:\Users\Prince Jain\AppData\Roaming\nvm;C:\Program Files\nodejs;C:\Users\Prince Jain\Downloads\flutter_windows_3.22.2-stable\flutter\bin;C:\Users\Prince Jain\.dotnet\tools
USERNAME=Prince Jain
OS=Windows_NT
PROCESSOR_IDENTIFIER=Intel64 Family 6 Model 154 Stepping 4, GenuineIntel
TMP=C:\Users\PRINCE~1\AppData\Local\Temp
TEMP=C:\Users\PRINCE~1\AppData\Local\Temp




Periodic native trim disabled

---------------  S Y S T E M  ---------------

OS:
 Windows 11 , 64 bit Build 22621 (10.0.22621.4830)
OS uptime: 2 days 1:10 hours
Hyper-V role detected

CPU: total 12 (initial active 12) (6 cores per cpu, 2 threads per core) family 6 model 154 stepping 4 microcode 0x42c, cx8, cmov, fxsr, ht, mmx, 3dnowpref, sse, sse2, sse3, ssse3, sse4.1, sse4.2, popcnt, lzcnt, tsc, tscinvbit, avx, avx2, aes, erms, clmul, bmi1, bmi2, adx, sha, fma, vzeroupper, clflush, clflushopt, clwb, hv, serialize, rdtscp, rdpid, fsrm, f16c, cet_ibt, cet_ss
Processor Information for processor 0
  Max Mhz: 1300, Current Mhz: 1300, Mhz Limit: 1300
Processor Information for processor 1
  Max Mhz: 1300, Current Mhz: 1300, Mhz Limit: 1300
Processor Information for processor 2
  Max Mhz: 1300, Current Mhz: 1300, Mhz Limit: 1300
Processor Information for processor 3
  Max Mhz: 1300, Current Mhz: 1300, Mhz Limit: 1300
Processor Information for processor 4
  Max Mhz: 1300, Current Mhz: 900, Mhz Limit: 897
Processor Information for processor 5
  Max Mhz: 1300, Current Mhz: 900, Mhz Limit: 897
Processor Information for processor 6
  Max Mhz: 1300, Current Mhz: 900, Mhz Limit: 897
Processor Information for processor 7
  Max Mhz: 1300, Current Mhz: 900, Mhz Limit: 897
Processor Information for processor 8
  Max Mhz: 1300, Current Mhz: 900, Mhz Limit: 897
Processor Information for processor 9
  Max Mhz: 1300, Current Mhz: 900, Mhz Limit: 897
Processor Information for processor 10
  Max Mhz: 1300, Current Mhz: 900, Mhz Limit: 897
Processor Information for processor 11
  Max Mhz: 1300, Current Mhz: 900, Mhz Limit: 897

Memory: 4k page, system-wide physical 7863M (385M free)
TotalPageFile size 28389M (AvailPageFile size 3M)
current process WorkingSet (physical memory assigned to process): 40M, peak: 40M
current process commit charge ("private bytes"): 195M, peak: 195M

vm_info: OpenJDK 64-Bit Server VM (21.0.6+7-LTS) for windows-amd64 JRE (21.0.6+7-LTS), built on 2025-01-21T00:00:00Z by "admin" with MS VC++ 17.7 (VS2022)

END.
