#
# There is insufficient memory for the Java Runtime Environment to continue.
# Native memory allocation (malloc) failed to allocate 316816 bytes. Error detail: Chunk::new
# Possible reasons:
#   The system is out of physical RAM or swap space
#   This process is running with CompressedOops enabled, and the Java Heap may be blocking the growth of the native heap
# Possible solutions:
#   Reduce memory load on the system
#   Increase physical memory or swap space
#   Check if swap backing store is full
#   Decrease Java heap size (-Xmx/-Xms)
#   Decrease number of Java threads
#   Decrease Java thread stack sizes (-Xss)
#   Set larger code cache with -XX:ReservedCodeCacheSize=
#   JVM is running with Unscaled Compressed Oops mode in which the Java heap is
#     placed in the first 4GB address space. The Java Heap base address is the
#     maximum limit for the native heap growth. Please use -XX:HeapBaseMinAddress
#     to set the Java Heap base and to place the Java Heap above 4GB virtual address.
# This output file may be truncated or incomplete.
#
#  Out of Memory Error (arena.cpp:168), pid=24444, tid=6968
#
# JRE version: OpenJDK Runtime Environment Temurin-21.0.6+7 (21.0.6+7) (build 21.0.6+7-LTS)
# Java VM: OpenJDK 64-Bit Server VM Temurin-21.0.6+7 (21.0.6+7-LTS, mixed mode, sharing, tiered, compressed oops, compressed class ptrs, parallel gc, windows-amd64)
# No core dump will be written. Minidumps are not enabled by default on client versions of Windows
#

---------------  S U M M A R Y ------------

Command Line: --add-modules=ALL-SYSTEM --add-opens=java.base/java.util=ALL-UNNAMED --add-opens=java.base/java.lang=ALL-UNNAMED --add-opens=java.base/sun.nio.fs=ALL-UNNAMED -Declipse.application=org.eclipse.jdt.ls.core.id1 -Dosgi.bundles.defaultStartLevel=4 -Declipse.product=org.eclipse.jdt.ls.core.product -Djava.import.generatesMetadataFilesAtProjectRoot=false -DDetectVMInstallationsJob.disabled=true -Dfile.encoding=utf8 -XX:+UseParallelGC -XX:GCTimeRatio=4 -XX:AdaptiveSizePolicyWeight=90 -Dsun.zip.disableMemoryMapping=true -Xmx1G -Xms100m -Xlog:disable -javaagent:c:\Users\Prince Jain\.vscode\extensions\redhat.java-1.40.0-win32-x64\lombok\lombok-1.18.36.jar c:\Users\Prince Jain\.vscode\extensions\redhat.java-1.40.0-win32-x64\server\plugins\org.eclipse.equinox.launcher_1.6.1000.v20250131-0606.jar -configuration c:\Users\Prince Jain\AppData\Roaming\Code\User\globalStorage\redhat.java\1.40.0\config_ss_win -data c:\Users\Prince Jain\AppData\Roaming\Code\User\workspaceStorage\93bd60ff33c47b001411ec603751e469\redhat.java\ss_ws --pipe=\\.\pipe\lsp-ee859a67be85196d731f568382fcba68-sock

Host: 12th Gen Intel(R) Core(TM) i5-1235U, 12 cores, 7G,  Windows 11 , 64 bit Build 22621 (10.0.22621.4830)
Time: Wed Mar 12 15:27:57 2025 India Standard Time elapsed time: 1.442903 seconds (0d 0h 0m 1s)

---------------  T H R E A D  ---------------

Current thread (0x000002002dd76320):  JavaThread "C2 CompilerThread0" daemon [_thread_in_native, id=6968, stack(0x0000003202900000,0x0000003202a00000) (1024K)]


Current CompileTask:
C2:1443  684       4       lombok.patcher.scripts.MethodLevelPatchScript::patch (21 bytes)

Stack: [0x0000003202900000,0x0000003202a00000]
Native frames: (J=compiled Java code, j=interpreted, Vv=VM code, C=native code)
V  [jvm.dll+0x6cdee9]
V  [jvm.dll+0x8a83d1]
V  [jvm.dll+0x8aa8fe]
V  [jvm.dll+0x8aafe3]
V  [jvm.dll+0x27f706]
V  [jvm.dll+0xc500d]
V  [jvm.dll+0xc5543]
V  [jvm.dll+0x2f2acd]
V  [jvm.dll+0x5f6a2a]
V  [jvm.dll+0x250bb2]
V  [jvm.dll+0x250f6f]
V  [jvm.dll+0x249834]
V  [jvm.dll+0x246ec4]
V  [jvm.dll+0x1c75ee]
V  [jvm.dll+0x25685a]
V  [jvm.dll+0x254dfa]
V  [jvm.dll+0x3f0256]
V  [jvm.dll+0x851f8b]
V  [jvm.dll+0x6cc5ed]
C  [ucrtbase.dll+0x29333]
C  [KERNEL32.DLL+0x1259d]
C  [ntdll.dll+0x5af38]


---------------  P R O C E S S  ---------------

Threads class SMR info:
_java_thread_list=0x000002007055aab0, length=11, elements={
0x0000020017732730, 0x000002002dd69380, 0x0000020019a4dc90, 0x000002002dd71110,
0x000002002dd74050, 0x000002002dd74aa0, 0x000002002dd754f0, 0x000002002dd76320,
0x000002002dd770b0, 0x0000020019a07460, 0x0000020070557c50
}

Java Threads: ( => current thread )
  0x0000020017732730 JavaThread "main"                              [_thread_in_Java, id=15004, stack(0x0000003201f00000,0x0000003202000000) (1024K)]
  0x000002002dd69380 JavaThread "Reference Handler"          daemon [_thread_blocked, id=11352, stack(0x0000003202300000,0x0000003202400000) (1024K)]
  0x0000020019a4dc90 JavaThread "Finalizer"                  daemon [_thread_blocked, id=18456, stack(0x0000003202400000,0x0000003202500000) (1024K)]
  0x000002002dd71110 JavaThread "Signal Dispatcher"          daemon [_thread_blocked, id=17840, stack(0x0000003202500000,0x0000003202600000) (1024K)]
  0x000002002dd74050 JavaThread "Attach Listener"            daemon [_thread_blocked, id=5604, stack(0x0000003202600000,0x0000003202700000) (1024K)]
  0x000002002dd74aa0 JavaThread "Service Thread"             daemon [_thread_blocked, id=15304, stack(0x0000003202700000,0x0000003202800000) (1024K)]
  0x000002002dd754f0 JavaThread "Monitor Deflation Thread"   daemon [_thread_blocked, id=22848, stack(0x0000003202800000,0x0000003202900000) (1024K)]
=>0x000002002dd76320 JavaThread "C2 CompilerThread0"         daemon [_thread_in_native, id=6968, stack(0x0000003202900000,0x0000003202a00000) (1024K)]
  0x000002002dd770b0 JavaThread "C1 CompilerThread0"         daemon [_thread_in_native, id=13752, stack(0x0000003202a00000,0x0000003202b00000) (1024K)]
  0x0000020019a07460 JavaThread "Common-Cleaner"             daemon [_thread_blocked, id=16900, stack(0x0000003202b00000,0x0000003202c00000) (1024K)]
  0x0000020070557c50 JavaThread "Notification Thread"        daemon [_thread_blocked, id=23364, stack(0x0000003202c00000,0x0000003202d00000) (1024K)]
Total: 11

Other Threads:
  0x000002002dd64ab0 VMThread "VM Thread"                           [id=608, stack(0x0000003202200000,0x0000003202300000) (1024K)]
  0x000002002dc5ca00 WatcherThread "VM Periodic Task Thread"        [id=26416, stack(0x0000003202100000,0x0000003202200000) (1024K)]
  0x00000200199b8720 WorkerThread "GC Thread#0"                     [id=10492, stack(0x0000003202000000,0x0000003202100000) (1024K)]
Total: 3

Threads with active compile tasks:
C2 CompilerThread0  1495  684       4       lombok.patcher.scripts.MethodLevelPatchScript::patch (21 bytes)
C1 CompilerThread0  1495  718   !   3       java.lang.String::<init> (890 bytes)
Total: 2

VM state: not at safepoint (normal execution)

VM Mutex/Monitor currently owned by a thread: None

Heap address: 0x00000000c0000000, size: 1024 MB, Compressed Oops mode: 32-bit

CDS archive(s) mapped at: [0x000002002e000000-0x000002002eba0000-0x000002002eba0000), size 12189696, SharedBaseAddress: 0x000002002e000000, ArchiveRelocationMode: 1.
Compressed class space mapped at: 0x000002002f000000-0x000002006f000000, reserved size: 1073741824
Narrow klass base: 0x000002002e000000, Narrow klass shift: 0, Narrow klass range: 0x100000000

GC Precious Log:
 CardTable entry size: 512
 CPUs: 12 total, 12 available
 Memory: 7863M
 Large Page Support: Disabled
 NUMA Support: Disabled
 Compressed Oops: Enabled (32-bit)
 Alignments: Space 512K, Generation 512K, Heap 2M
 Heap Min Capacity: 100M
 Heap Initial Capacity: 100M
 Heap Max Capacity: 1G
 Pre-touch: Disabled
 Parallel Workers: 10

Heap:
 PSYoungGen      total 29696K, used 15175K [0x00000000eab00000, 0x00000000ecc00000, 0x0000000100000000)
  eden space 25600K, 59% used [0x00000000eab00000,0x00000000eb9d1c60,0x00000000ec400000)
  from space 4096K, 0% used [0x00000000ec800000,0x00000000ec800000,0x00000000ecc00000)
  to   space 4096K, 0% used [0x00000000ec400000,0x00000000ec400000,0x00000000ec800000)
 ParOldGen       total 68608K, used 0K [0x00000000c0000000, 0x00000000c4300000, 0x00000000eab00000)
  object space 68608K, 0% used [0x00000000c0000000,0x00000000c0000000,0x00000000c4300000)
 Metaspace       used 2884K, committed 3072K, reserved 1114112K
  class space    used 290K, committed 384K, reserved 1048576K

Card table byte_map: [0x0000020019330000,0x0000020019540000] _byte_map_base: 0x0000020018d30000

Marking Bits: (ParMarkBitMap*) 0x00007fff9d983260
 Begin Bits: [0x000002002bb80000, 0x000002002cb80000)
 End Bits:   [0x000002002cb80000, 0x000002002db80000)

Polling page: 0x00000200176e0000

Metaspace:

Usage:
  Non-class:      2.53 MB used.
      Class:    290.64 KB used.
       Both:      2.82 MB used.

Virtual space:
  Non-class space:       64.00 MB reserved,       2.62 MB (  4%) committed,  1 nodes.
      Class space:        1.00 GB reserved,     384.00 KB ( <1%) committed,  1 nodes.
             Both:        1.06 GB reserved,       3.00 MB ( <1%) committed. 

Chunk freelists:
   Non-Class:  11.65 MB
       Class:  15.67 MB
        Both:  27.32 MB

MaxMetaspaceSize: unlimited
CompressedClassSpaceSize: 1.00 GB
Initial GC threshold: 21.00 MB
Current GC threshold: 21.00 MB
CDS: on
 - commit_granule_bytes: 65536.
 - commit_granule_words: 8192.
 - virtual_space_node_default_size: 8388608.
 - enlarge_chunks_in_place: 1.
 - use_allocation_guard: 0.


Internal statistics:

num_allocs_failed_limit: 0.
num_arena_births: 82.
num_arena_deaths: 0.
num_vsnodes_births: 2.
num_vsnodes_deaths: 0.
num_space_committed: 48.
num_space_uncommitted: 0.
num_chunks_returned_to_freelist: 0.
num_chunks_taken_from_freelist: 104.
num_chunk_merges: 0.
num_chunk_splits: 72.
num_chunks_enlarged: 47.
num_inconsistent_stats: 0.

CodeHeap 'non-profiled nmethods': size=120000Kb used=248Kb max_used=248Kb free=119751Kb
 bounds [0x0000020024650000, 0x00000200248c0000, 0x000002002bb80000]
CodeHeap 'profiled nmethods': size=120000Kb used=1090Kb max_used=1090Kb free=118910Kb
 bounds [0x000002001cb80000, 0x000002001cdf0000, 0x00000200240b0000]
CodeHeap 'non-nmethods': size=5760Kb used=1185Kb max_used=1193Kb free=4574Kb
 bounds [0x00000200240b0000, 0x0000020024320000, 0x0000020024650000]
 total_blobs=1154 nmethods=712 adapters=349
 compilation: enabled
              stopped_count=0, restarted_count=0
 full_count=0

Compilation events (20 events):
Event: 1.346 Thread 0x000002002dd76320  660       4       java.util.Arrays::checkLength (38 bytes)
Event: 1.346 Thread 0x000002002dd76320 nmethod 660 0x000002002468ca10 code [0x000002002468cba0, 0x000002002468cc28]
Event: 1.349 Thread 0x000002002dd770b0  680       3       sun.invoke.util.Wrapper::forPrimitiveType (122 bytes)
Event: 1.350 Thread 0x000002002dd770b0 nmethod 680 0x000002001cc80b90 code [0x000002001cc80e60, 0x000002001cc81940]
Event: 1.350 Thread 0x000002002dd770b0  682       3       java.lang.Integer::rotateRight (9 bytes)
Event: 1.351 Thread 0x000002002dd770b0 nmethod 682 0x000002001cc81c10 code [0x000002001cc81da0, 0x000002001cc81ea0]
Event: 1.387 Thread 0x000002002dd76320  684       4       lombok.patcher.scripts.MethodLevelPatchScript::patch (21 bytes)
Event: 1.397 Thread 0x000002002dd770b0  686       3       sun.invoke.util.VerifyType::isNullConversion (157 bytes)
Event: 1.399 Thread 0x000002002dd770b0 nmethod 686 0x000002001cc81f10 code [0x000002001cc82240, 0x000002001cc83670]
Event: 1.403 Thread 0x000002002dd770b0  687       3       java.lang.invoke.MemberName::getModifiers (8 bytes)
Event: 1.403 Thread 0x000002002dd770b0 nmethod 687 0x000002001cc83b10 code [0x000002001cc83ca0, 0x000002001cc83db0]
Event: 1.409 Thread 0x000002002dd770b0  688       3       java.lang.StringUTF16::putChar (54 bytes)
Event: 1.409 Thread 0x000002002dd770b0 nmethod 688 0x000002001cc83e10 code [0x000002001cc83fc0, 0x000002001cc84110]
Event: 1.430 Thread 0x000002002dd770b0  692       3       java.math.MutableBigInteger::mulsub (110 bytes)
Event: 1.431 Thread 0x000002002dd770b0 nmethod 692 0x000002001cc84210 code [0x000002001cc843c0, 0x000002001cc84680]
Event: 1.432 Thread 0x000002002dd770b0  693       3       java.math.BigInteger::implMulAdd (81 bytes)
Event: 1.433 Thread 0x000002002dd770b0 nmethod 693 0x000002001cc84810 code [0x000002001cc849c0, 0x000002001cc84c00]
Event: 1.433 Thread 0x000002002dd770b0  694       3       java.math.BigInteger::mulAdd (19 bytes)
Event: 1.433 Thread 0x000002002dd770b0 nmethod 694 0x000002001cc84d90 code [0x000002001cc84f40, 0x000002001cc850d8]
Event: 1.433 Thread 0x000002002dd770b0  695       3       java.math.BigInteger::implMulAddCheck (176 bytes)

GC Heap History (0 events):
No events

Dll operation events (8 events):
Event: 0.032 Loaded shared library c:\Users\Prince Jain\.vscode\extensions\redhat.java-1.40.0-win32-x64\jre\21.0.6-win32-x86_64\bin\java.dll
Event: 0.219 Loaded shared library c:\Users\Prince Jain\.vscode\extensions\redhat.java-1.40.0-win32-x64\jre\21.0.6-win32-x86_64\bin\zip.dll
Event: 0.268 Loaded shared library C:\Users\Prince Jain\.vscode\extensions\redhat.java-1.40.0-win32-x64\jre\21.0.6-win32-x86_64\bin\instrument.dll
Event: 0.282 Loaded shared library C:\Users\Prince Jain\.vscode\extensions\redhat.java-1.40.0-win32-x64\jre\21.0.6-win32-x86_64\bin\net.dll
Event: 0.289 Loaded shared library C:\Users\Prince Jain\.vscode\extensions\redhat.java-1.40.0-win32-x64\jre\21.0.6-win32-x86_64\bin\nio.dll
Event: 0.298 Loaded shared library C:\Users\Prince Jain\.vscode\extensions\redhat.java-1.40.0-win32-x64\jre\21.0.6-win32-x86_64\bin\zip.dll
Event: 0.335 Loaded shared library C:\Users\Prince Jain\.vscode\extensions\redhat.java-1.40.0-win32-x64\jre\21.0.6-win32-x86_64\bin\jimage.dll
Event: 0.541 Loaded shared library c:\Users\Prince Jain\.vscode\extensions\redhat.java-1.40.0-win32-x64\jre\21.0.6-win32-x86_64\bin\verify.dll

Deoptimization events (20 events):
Event: 1.221 Thread 0x0000020017732730 Uncommon trap: trap_request=0xffffffde fr.pc=0x00000200246861cc relative=0x000000000000012c
Event: 1.221 Thread 0x0000020017732730 Uncommon trap: reason=class_check action=maybe_recompile pc=0x00000200246861cc method=jdk.internal.misc.Unsafe.allocateUninitializedArray(Ljava/lang/Class;I)Ljava/lang/Object; @ 51 c2
Event: 1.221 Thread 0x0000020017732730 DEOPT PACKING pc=0x00000200246861cc sp=0x0000003201ffc180
Event: 1.221 Thread 0x0000020017732730 DEOPT UNPACKING pc=0x0000020024103aa2 sp=0x0000003201ffc0f8 mode 2
Event: 1.221 Thread 0x0000020017732730 Uncommon trap: trap_request=0xffffffde fr.pc=0x00000200246861cc relative=0x000000000000012c
Event: 1.221 Thread 0x0000020017732730 Uncommon trap: reason=class_check action=maybe_recompile pc=0x00000200246861cc method=jdk.internal.misc.Unsafe.allocateUninitializedArray(Ljava/lang/Class;I)Ljava/lang/Object; @ 51 c2
Event: 1.221 Thread 0x0000020017732730 DEOPT PACKING pc=0x00000200246861cc sp=0x0000003201ffc180
Event: 1.221 Thread 0x0000020017732730 DEOPT UNPACKING pc=0x0000020024103aa2 sp=0x0000003201ffc0f8 mode 2
Event: 1.221 Thread 0x0000020017732730 Uncommon trap: trap_request=0xffffffde fr.pc=0x00000200246861cc relative=0x000000000000012c
Event: 1.221 Thread 0x0000020017732730 Uncommon trap: reason=class_check action=maybe_recompile pc=0x00000200246861cc method=jdk.internal.misc.Unsafe.allocateUninitializedArray(Ljava/lang/Class;I)Ljava/lang/Object; @ 51 c2
Event: 1.221 Thread 0x0000020017732730 DEOPT PACKING pc=0x00000200246861cc sp=0x0000003201ffc180
Event: 1.221 Thread 0x0000020017732730 DEOPT UNPACKING pc=0x0000020024103aa2 sp=0x0000003201ffc0f8 mode 2
Event: 1.251 Thread 0x0000020017732730 Uncommon trap: trap_request=0xffffff45 fr.pc=0x0000020024673350 relative=0x00000000000000b0
Event: 1.251 Thread 0x0000020017732730 Uncommon trap: reason=unstable_if action=reinterpret pc=0x0000020024673350 method=java.net.URI.match(CJJ)Z @ 45 c2
Event: 1.251 Thread 0x0000020017732730 DEOPT PACKING pc=0x0000020024673350 sp=0x0000003201ffce80
Event: 1.251 Thread 0x0000020017732730 DEOPT UNPACKING pc=0x0000020024103aa2 sp=0x0000003201ffcde8 mode 2
Event: 1.409 Thread 0x0000020017732730 Uncommon trap: trap_request=0xffffff45 fr.pc=0x000002002467219c relative=0x000000000000017c
Event: 1.409 Thread 0x0000020017732730 Uncommon trap: reason=unstable_if action=reinterpret pc=0x000002002467219c method=java.lang.StringUTF16.compress([CI[BII)I @ 20 c2
Event: 1.409 Thread 0x0000020017732730 DEOPT PACKING pc=0x000002002467219c sp=0x0000003201ffb8f0
Event: 1.409 Thread 0x0000020017732730 DEOPT UNPACKING pc=0x0000020024103aa2 sp=0x0000003201ffb860 mode 2

Classes loaded (20 events):
Event: 1.413 Loading class sun/security/rsa/RSASignature$SHA256withRSA
Event: 1.413 Loading class sun/security/rsa/RSASignature
Event: 1.415 Loading class sun/security/rsa/RSASignature done
Event: 1.415 Loading class sun/security/rsa/RSASignature$SHA256withRSA done
Event: 1.416 Loading class sun/security/rsa/RSAPrivateKeyImpl
Event: 1.418 Loading class sun/security/pkcs/PKCS8Key
Event: 1.418 Loading class sun/security/util/InternalPrivateKey
Event: 1.418 Loading class sun/security/util/InternalPrivateKey done
Event: 1.418 Loading class sun/security/pkcs/PKCS8Key done
Event: 1.418 Loading class sun/security/rsa/RSAPrivateKeyImpl done
Event: 1.418 Loading class sun/security/rsa/RSAPrivateCrtKeyImpl
Event: 1.421 Loading class java/security/interfaces/RSAPrivateCrtKey
Event: 1.422 Loading class java/security/interfaces/RSAPrivateCrtKey done
Event: 1.422 Loading class sun/security/rsa/RSAPrivateCrtKeyImpl done
Event: 1.422 Loading class sun/security/rsa/RSACore
Event: 1.423 Loading class sun/security/rsa/RSACore done
Event: 1.423 Loading class sun/security/rsa/RSAPadding
Event: 1.423 Loading class sun/security/rsa/RSAPadding done
Event: 1.424 Loading class java/math/MutableBigInteger
Event: 1.425 Loading class java/math/MutableBigInteger done

Classes unloaded (0 events):
No events

Classes redefined (0 events):
No events

Internal exceptions (12 events):
Event: 0.210 Thread 0x0000020017732730 Exception <a 'java/lang/NoSuchMethodError'{0x00000000ead2a230}: 'void java.lang.invoke.DirectMethodHandle$Holder.invokeStatic(java.lang.Object, java.lang.Object, java.lang.Object)'> (0x00000000ead2a230) 
thrown [s\src\hotspot\share\interpreter\linkResolver.cpp, line 773]
Event: 0.320 Thread 0x0000020017732730 Exception <a 'java/lang/NoSuchMethodError'{0x00000000eae93e60}: 'java.lang.Object java.lang.invoke.Invokers$Holder.invokeExact_MT(java.lang.Object, java.lang.Object, java.lang.Object, java.lang.Object, java.lang.Object)'> (0x00000000eae93e60) 
thrown [s\src\hotspot\share\interpreter\linkResolver.cpp, line 773]
Event: 0.412 Thread 0x0000020017732730 Exception <a 'java/lang/NoSuchMethodError'{0x00000000eaf51500}: 'int java.lang.invoke.DirectMethodHandle$Holder.invokeSpecial(java.lang.Object, java.lang.Object, java.lang.Object, int)'> (0x00000000eaf51500) 
thrown [s\src\hotspot\share\interpreter\linkResolver.cpp, line 773]
Event: 0.417 Thread 0x0000020017732730 Exception <a 'java/lang/NoSuchMethodError'{0x00000000eaf63ee8}: 'java.lang.Object java.lang.invoke.DirectMethodHandle$Holder.invokeStatic(java.lang.Object, java.lang.Object, java.lang.Object, java.lang.Object, int)'> (0x00000000eaf63ee8) 
thrown [s\src\hotspot\share\interpreter\linkResolver.cpp, line 773]
Event: 0.420 Thread 0x0000020017732730 Exception <a 'java/lang/NoSuchMethodError'{0x00000000eaf6f328}: 'void java.lang.invoke.DelegatingMethodHandle$Holder.reinvoke_L(java.lang.Object, java.lang.Object, java.lang.Object, int, java.lang.Object)'> (0x00000000eaf6f328) 
thrown [s\src\hotspot\share\interpreter\linkResolver.cpp, line 773]
Event: 0.421 Thread 0x0000020017732730 Exception <a 'java/lang/NoSuchMethodError'{0x00000000eaf72d60}: 'int java.lang.invoke.DirectMethodHandle$Holder.invokeSpecial(java.lang.Object, java.lang.Object, java.lang.Object)'> (0x00000000eaf72d60) 
thrown [s\src\hotspot\share\interpreter\linkResolver.cpp, line 773]
Event: 0.430 Thread 0x0000020017732730 Exception <a 'java/lang/NoSuchMethodError'{0x00000000eaf8ba50}: 'java.lang.Object java.lang.invoke.DirectMethodHandle$Holder.invokeStatic(java.lang.Object, java.lang.Object, int)'> (0x00000000eaf8ba50) 
thrown [s\src\hotspot\share\interpreter\linkResolver.cpp, line 773]
Event: 0.432 Thread 0x0000020017732730 Exception <a 'java/lang/NoSuchMethodError'{0x00000000eaf903a0}: 'void java.lang.invoke.DirectMethodHandle$Holder.invokeStatic(java.lang.Object, java.lang.Object, int, java.lang.Object)'> (0x00000000eaf903a0) 
thrown [s\src\hotspot\share\interpreter\linkResolver.cpp, line 773]
Event: 0.434 Thread 0x0000020017732730 Exception <a 'java/lang/NoSuchMethodError'{0x00000000eaf94548}: 'void java.lang.invoke.DirectMethodHandle$Holder.invokeSpecial(java.lang.Object, java.lang.Object, java.lang.Object, int, java.lang.Object)'> (0x00000000eaf94548) 
thrown [s\src\hotspot\share\interpreter\linkResolver.cpp, line 773]
Event: 0.434 Thread 0x0000020017732730 Exception <a 'java/lang/NoSuchMethodError'{0x00000000eaf979b8}: 'void java.lang.invoke.DelegatingMethodHandle$Holder.delegate(java.lang.Object, java.lang.Object, int, java.lang.Object)'> (0x00000000eaf979b8) 
thrown [s\src\hotspot\share\interpreter\linkResolver.cpp, line 773]
Event: 0.623 Thread 0x0000020017732730 Exception <a 'java/lang/NoSuchMethodError'{0x00000000eb162750}: 'void java.lang.invoke.DelegatingMethodHandle$Holder.reinvoke_L(java.lang.Object, java.lang.Object, java.lang.Object, int)'> (0x00000000eb162750) 
thrown [s\src\hotspot\share\interpreter\linkResolver.cpp, line 773]
Event: 1.191 Thread 0x0000020017732730 Exception <a 'java/lang/NoSuchMethodError'{0x00000000eb5f8be8}: 'void java.lang.invoke.DirectMethodHandle$Holder.invokeVirtual(java.lang.Object, java.lang.Object)'> (0x00000000eb5f8be8) 
thrown [s\src\hotspot\share\interpreter\linkResolver.cpp, line 773]

ZGC Phase Switch (0 events):
No events

VM Operations (6 events):
Event: 0.215 Executing VM operation: HandshakeAllThreads (Deoptimize)
Event: 0.215 Executing VM operation: HandshakeAllThreads (Deoptimize) done
Event: 0.363 Executing VM operation: HandshakeAllThreads (Deoptimize)
Event: 0.363 Executing VM operation: HandshakeAllThreads (Deoptimize) done
Event: 1.370 Executing VM operation: Cleanup
Event: 1.378 Executing VM operation: Cleanup done

Memory protections (0 events):
No events

Nmethod flushes (0 events):
No events

Events (11 events):
Event: 0.085 Thread 0x0000020017732730 Thread added: 0x0000020017732730
Event: 0.137 Thread 0x0000020017732730 Thread added: 0x000002002dd69380
Event: 0.138 Thread 0x0000020017732730 Thread added: 0x0000020019a4dc90
Event: 0.138 Thread 0x0000020017732730 Thread added: 0x000002002dd71110
Event: 0.139 Thread 0x0000020017732730 Thread added: 0x000002002dd74050
Event: 0.139 Thread 0x0000020017732730 Thread added: 0x000002002dd74aa0
Event: 0.139 Thread 0x0000020017732730 Thread added: 0x000002002dd754f0
Event: 0.139 Thread 0x0000020017732730 Thread added: 0x000002002dd76320
Event: 0.140 Thread 0x0000020017732730 Thread added: 0x000002002dd770b0
Event: 0.194 Thread 0x0000020017732730 Thread added: 0x0000020019a07460
Event: 0.926 Thread 0x0000020017732730 Thread added: 0x0000020070557c50


Dynamic libraries:
0x00007ff61e3d0000 - 0x00007ff61e3de000 	c:\Users\Prince Jain\.vscode\extensions\redhat.java-1.40.0-win32-x64\jre\21.0.6-win32-x86_64\bin\java.exe
0x00007ff8796b0000 - 0x00007ff8798c7000 	C:\windows\SYSTEM32\ntdll.dll
0x00007ff8785b0000 - 0x00007ff878674000 	C:\windows\System32\KERNEL32.DLL
0x00007ff876bf0000 - 0x00007ff876fc0000 	C:\windows\System32\KERNELBASE.dll
0x00007ff86f620000 - 0x00007ff86f6b7000 	C:\windows\SYSTEM32\apphelp.dll
0x00007ff876a20000 - 0x00007ff876b31000 	C:\windows\System32\ucrtbase.dll
0x00007ff8061d0000 - 0x00007ff8061ee000 	c:\Users\Prince Jain\.vscode\extensions\redhat.java-1.40.0-win32-x64\jre\21.0.6-win32-x86_64\bin\VCRUNTIME140.dll
0x00007ff8215b0000 - 0x00007ff8215c8000 	c:\Users\Prince Jain\.vscode\extensions\redhat.java-1.40.0-win32-x64\jre\21.0.6-win32-x86_64\bin\jli.dll
0x00007ff878f40000 - 0x00007ff8790ee000 	C:\windows\System32\USER32.dll
0x00007ff876b40000 - 0x00007ff876b66000 	C:\windows\System32\win32u.dll
0x00007ff8781f0000 - 0x00007ff878219000 	C:\windows\System32\GDI32.dll
0x00007ff877250000 - 0x00007ff87736b000 	C:\windows\System32\gdi32full.dll
0x00007ff877040000 - 0x00007ff8770da000 	C:\windows\System32\msvcp_win.dll
0x00007ff84cee0000 - 0x00007ff84d172000 	C:\windows\WinSxS\amd64_microsoft.windows.common-controls_6595b64144ccf1df_6.0.22621.4830_none_270fe7d773858e80\COMCTL32.dll
0x00007ff8778a0000 - 0x00007ff877947000 	C:\windows\System32\msvcrt.dll
0x00007ff878220000 - 0x00007ff878251000 	C:\windows\System32\IMM32.DLL
0x00007ff86f870000 - 0x00007ff86f87c000 	c:\Users\Prince Jain\.vscode\extensions\redhat.java-1.40.0-win32-x64\jre\21.0.6-win32-x86_64\bin\vcruntime140_1.dll
0x00007ffff10e0000 - 0x00007ffff116d000 	c:\Users\Prince Jain\.vscode\extensions\redhat.java-1.40.0-win32-x64\jre\21.0.6-win32-x86_64\bin\msvcp140.dll
0x00007fff9ccd0000 - 0x00007fff9da60000 	c:\Users\Prince Jain\.vscode\extensions\redhat.java-1.40.0-win32-x64\jre\21.0.6-win32-x86_64\bin\server\jvm.dll
0x00007ff878e80000 - 0x00007ff878f31000 	C:\windows\System32\ADVAPI32.dll
0x00007ff879150000 - 0x00007ff8791f7000 	C:\windows\System32\sechost.dll
0x00007ff877370000 - 0x00007ff877398000 	C:\windows\System32\bcrypt.dll
0x00007ff878d60000 - 0x00007ff878e74000 	C:\windows\System32\RPCRT4.dll
0x00007ff8773a0000 - 0x00007ff877411000 	C:\windows\System32\WS2_32.dll
0x00007ff876830000 - 0x00007ff87687d000 	C:\windows\SYSTEM32\POWRPROF.dll
0x00007ff86a820000 - 0x00007ff86a82a000 	C:\windows\SYSTEM32\VERSION.dll
0x00007ff86c9e0000 - 0x00007ff86ca14000 	C:\windows\SYSTEM32\WINMM.dll
0x00007ff876810000 - 0x00007ff876823000 	C:\windows\SYSTEM32\UMPDC.dll
0x00007ff875970000 - 0x00007ff875988000 	C:\windows\SYSTEM32\kernel.appcore.dll
0x00007ff83d3f0000 - 0x00007ff83d3fa000 	c:\Users\Prince Jain\.vscode\extensions\redhat.java-1.40.0-win32-x64\jre\21.0.6-win32-x86_64\bin\jimage.dll
0x00007ff874270000 - 0x00007ff8744a2000 	C:\windows\SYSTEM32\DBGHELP.DLL
0x00007ff879200000 - 0x00007ff879590000 	C:\windows\System32\combase.dll
0x00007ff879590000 - 0x00007ff879667000 	C:\windows\System32\OLEAUT32.dll
0x00007ff857ba0000 - 0x00007ff857bd2000 	C:\windows\SYSTEM32\dbgcore.DLL
0x00007ff876fc0000 - 0x00007ff87703b000 	C:\windows\System32\bcryptPrimitives.dll
0x00007ff839510000 - 0x00007ff83951f000 	c:\Users\Prince Jain\.vscode\extensions\redhat.java-1.40.0-win32-x64\jre\21.0.6-win32-x86_64\bin\instrument.dll
0x00007ff8061b0000 - 0x00007ff8061cf000 	c:\Users\Prince Jain\.vscode\extensions\redhat.java-1.40.0-win32-x64\jre\21.0.6-win32-x86_64\bin\java.dll
0x00007ff877950000 - 0x00007ff8781c8000 	C:\windows\System32\SHELL32.dll
0x00007ff874860000 - 0x00007ff875170000 	C:\windows\SYSTEM32\windows.storage.dll
0x00007ff874720000 - 0x00007ff87485f000 	C:\windows\SYSTEM32\wintypes.dll
0x00007ff878b00000 - 0x00007ff878c0a000 	C:\windows\System32\SHCORE.dll
0x00007ff878aa0000 - 0x00007ff878afe000 	C:\windows\System32\shlwapi.dll
0x00007ff876890000 - 0x00007ff8768bb000 	C:\windows\SYSTEM32\profapi.dll
0x00007ffff10c0000 - 0x00007ffff10d8000 	c:\Users\Prince Jain\.vscode\extensions\redhat.java-1.40.0-win32-x64\jre\21.0.6-win32-x86_64\bin\zip.dll
0x00007ff83d120000 - 0x00007ff83d130000 	C:\Users\Prince Jain\.vscode\extensions\redhat.java-1.40.0-win32-x64\jre\21.0.6-win32-x86_64\bin\net.dll
0x00007ff86fbf0000 - 0x00007ff86fd1c000 	C:\windows\SYSTEM32\WINHTTP.dll
0x00007ff875e20000 - 0x00007ff875e8a000 	C:\windows\system32\mswsock.dll
0x00007ffff10a0000 - 0x00007ffff10b6000 	C:\Users\Prince Jain\.vscode\extensions\redhat.java-1.40.0-win32-x64\jre\21.0.6-win32-x86_64\bin\nio.dll
0x00007ff838a20000 - 0x00007ff838a30000 	c:\Users\Prince Jain\.vscode\extensions\redhat.java-1.40.0-win32-x64\jre\21.0.6-win32-x86_64\bin\verify.dll

dbghelp: loaded successfully - version: 4.0.5 - missing functions: none
symbol engine: initialized successfully - sym options: 0x614 - pdb path: .;c:\Users\Prince Jain\.vscode\extensions\redhat.java-1.40.0-win32-x64\jre\21.0.6-win32-x86_64\bin;C:\windows\SYSTEM32;C:\windows\WinSxS\amd64_microsoft.windows.common-controls_6595b64144ccf1df_6.0.22621.4830_none_270fe7d773858e80;c:\Users\Prince Jain\.vscode\extensions\redhat.java-1.40.0-win32-x64\jre\21.0.6-win32-x86_64\bin\server

VM Arguments:
jvm_args: --add-modules=ALL-SYSTEM --add-opens=java.base/java.util=ALL-UNNAMED --add-opens=java.base/java.lang=ALL-UNNAMED --add-opens=java.base/sun.nio.fs=ALL-UNNAMED -Declipse.application=org.eclipse.jdt.ls.core.id1 -Dosgi.bundles.defaultStartLevel=4 -Declipse.product=org.eclipse.jdt.ls.core.product -Djava.import.generatesMetadataFilesAtProjectRoot=false -DDetectVMInstallationsJob.disabled=true -Dfile.encoding=utf8 -XX:+UseParallelGC -XX:GCTimeRatio=4 -XX:AdaptiveSizePolicyWeight=90 -Dsun.zip.disableMemoryMapping=true -Xmx1G -Xms100m -Xlog:disable -javaagent:c:\Users\Prince Jain\.vscode\extensions\redhat.java-1.40.0-win32-x64\lombok\lombok-1.18.36.jar 
java_command: c:\Users\Prince Jain\.vscode\extensions\redhat.java-1.40.0-win32-x64\server\plugins\org.eclipse.equinox.launcher_1.6.1000.v20250131-0606.jar -configuration c:\Users\Prince Jain\AppData\Roaming\Code\User\globalStorage\redhat.java\1.40.0\config_ss_win -data c:\Users\Prince Jain\AppData\Roaming\Code\User\workspaceStorage\93bd60ff33c47b001411ec603751e469\redhat.java\ss_ws --pipe=\\.\pipe\lsp-ee859a67be85196d731f568382fcba68-sock
java_class_path (initial): c:\Users\Prince Jain\.vscode\extensions\redhat.java-1.40.0-win32-x64\server\plugins\org.eclipse.equinox.launcher_1.6.1000.v20250131-0606.jar
Launcher Type: SUN_STANDARD

[Global flags]
    uintx AdaptiveSizePolicyWeight                 = 90                                        {product} {command line}
     intx CICompilerCount                          = 4                                         {product} {ergonomic}
    uintx GCTimeRatio                              = 4                                         {product} {command line}
   size_t InitialHeapSize                          = 104857600                                 {product} {command line}
   size_t MaxHeapSize                              = 1073741824                                {product} {command line}
   size_t MaxNewSize                               = 357564416                                 {product} {ergonomic}
   size_t MinHeapDeltaBytes                        = 524288                                    {product} {ergonomic}
   size_t MinHeapSize                              = 104857600                                 {product} {command line}
   size_t NewSize                                  = 34603008                                  {product} {ergonomic}
    uintx NonNMethodCodeHeapSize                   = 5839372                                {pd product} {ergonomic}
    uintx NonProfiledCodeHeapSize                  = 122909434                              {pd product} {ergonomic}
   size_t OldSize                                  = 70254592                                  {product} {ergonomic}
    uintx ProfiledCodeHeapSize                     = 122909434                              {pd product} {ergonomic}
    uintx ReservedCodeCacheSize                    = 251658240                              {pd product} {ergonomic}
     bool SegmentedCodeCache                       = true                                      {product} {ergonomic}
   size_t SoftMaxHeapSize                          = 1073741824                             {manageable} {ergonomic}
     bool UseCompressedOops                        = true                           {product lp64_product} {ergonomic}
     bool UseLargePagesIndividualAllocation        = false                                  {pd product} {ergonomic}
     bool UseParallelGC                            = true                                      {product} {command line}

Logging:
Log output configuration:
 #0: stdout all=off uptime,level,tags foldmultilines=false
 #1: stderr all=off uptime,level,tags foldmultilines=false

Environment Variables:
JAVA_HOME=C:\Program Files\Java\jdk-19
PATH=C:\Program Files\Common Files\Oracle\Java\javapath;C:\windows\system32;C:\windows;C:\windows\System32\Wbem;C:\windows\System32\WindowsPowerShell\v1.0\;C:\windows\System32\OpenSSH\;C:\Program Files\dotnet\;C:\Program Files\Java\jdk-19\bin;C:\Program Files\Common Files\Oracle\Java\javapath;C:\Program Files\Git\cmd;C:\Program Files\Git\mingw64\bin;C:\Program Files\Git\usr\bin;C:\Users\Prince Jain\AppData\Roaming\nvm;C:\Program Files\nodejs;C:\Users\Prince Jain\Downloads\GitHubDesktopSetup-x64 (1).exe;C:\Users\Prince Jain\dev\flutter\bin;C:\Users\Prince Jain\AppData\Local\Microsoft\WindowsApps;C:\Users\Prince Jain\AppData\Local\Programs\Microsoft VS Code\bin;C:\MinGW\bin;C:\Program Files\Java\jdk-19\bin;C:\Users\Prince Jain\AppData\Local\GitHubDesktop\bin;C:\Program Files\sf\bin;C:\Users\Prince Jain\AppData\Roaming\npm;C:\Users\Prince Jain\AppData\Roaming\nvm;C:\Program Files\nodejs;C:\Users\Prince Jain\Downloads\flutter_windows_3.22.2-stable\flutter\bin;C:\Users\Prince Jain\.dotnet\tools
USERNAME=Prince Jain
OS=Windows_NT
PROCESSOR_IDENTIFIER=Intel64 Family 6 Model 154 Stepping 4, GenuineIntel
TMP=C:\Users\PRINCE~1\AppData\Local\Temp
TEMP=C:\Users\PRINCE~1\AppData\Local\Temp




Periodic native trim disabled

---------------  S Y S T E M  ---------------

OS:
 Windows 11 , 64 bit Build 22621 (10.0.22621.4830)
OS uptime: 2 days 1:10 hours
Hyper-V role detected

CPU: total 12 (initial active 12) (6 cores per cpu, 2 threads per core) family 6 model 154 stepping 4 microcode 0x42c, cx8, cmov, fxsr, ht, mmx, 3dnowpref, sse, sse2, sse3, ssse3, sse4.1, sse4.2, popcnt, lzcnt, tsc, tscinvbit, avx, avx2, aes, erms, clmul, bmi1, bmi2, adx, sha, fma, vzeroupper, clflush, clflushopt, clwb, hv, serialize, rdtscp, rdpid, fsrm, f16c, cet_ibt, cet_ss
Processor Information for processor 0
  Max Mhz: 1300, Current Mhz: 1300, Mhz Limit: 1300
Processor Information for processor 1
  Max Mhz: 1300, Current Mhz: 1300, Mhz Limit: 1300
Processor Information for processor 2
  Max Mhz: 1300, Current Mhz: 1300, Mhz Limit: 1300
Processor Information for processor 3
  Max Mhz: 1300, Current Mhz: 1300, Mhz Limit: 1300
Processor Information for processor 4
  Max Mhz: 1300, Current Mhz: 900, Mhz Limit: 897
Processor Information for processor 5
  Max Mhz: 1300, Current Mhz: 900, Mhz Limit: 897
Processor Information for processor 6
  Max Mhz: 1300, Current Mhz: 900, Mhz Limit: 897
Processor Information for processor 7
  Max Mhz: 1300, Current Mhz: 900, Mhz Limit: 897
Processor Information for processor 8
  Max Mhz: 1300, Current Mhz: 900, Mhz Limit: 897
Processor Information for processor 9
  Max Mhz: 1300, Current Mhz: 900, Mhz Limit: 897
Processor Information for processor 10
  Max Mhz: 1300, Current Mhz: 900, Mhz Limit: 897
Processor Information for processor 11
  Max Mhz: 1300, Current Mhz: 900, Mhz Limit: 897

Memory: 4k page, system-wide physical 7863M (385M free)
TotalPageFile size 28389M (AvailPageFile size 0M)
current process WorkingSet (physical memory assigned to process): 58M, peak: 58M
current process commit charge ("private bytes"): 200M, peak: 200M

vm_info: OpenJDK 64-Bit Server VM (21.0.6+7-LTS) for windows-amd64 JRE (21.0.6+7-LTS), built on 2025-01-21T00:00:00Z by "admin" with MS VC++ 17.7 (VS2022)

END.
